[    1592ms] [LOG] [App] Config migrated to version 2.3.2 @ http://localhost:8080/js/app.js:1824
[    1599ms] [VERBOSE] [DOM] Password field is not contained in a form: (More info: https://goo.gl/9p2vKq) @ http://localhost:8080/:0
[    1599ms] [VERBOSE] [DOM] Password field is not contained in a form: (More info: https://goo.gl/9p2vKq) %o @ http://localhost:8080/:0
[    1604ms] [WARNING] <meta name="apple-mobile-web-app-capable" content="yes"> is deprecated. Please include <meta name="mobile-web-app-capable" content="yes"> @ http://localhost:8080/:0
[    1646ms] [LOG] [App] SW registered: http://localhost:8080/ @ http://localhost:8080/:874
[    1646ms] [LOG] [App] SW installing... @ http://localhost:8080/:888
[    2281ms] [LOG] [App] SW state changed to: installed @ http://localhost:8080/:906
[    2281ms] [LOG] [App] SW state changed to: activating @ http://localhost:8080/:906
[    2281ms] [LOG] [App] New service worker activated, reloading... @ http://localhost:8080/:867
[    2281ms] [LOG] [App] SW state changed to: activated @ http://localhost:8080/:906
[    2351ms] [ERROR] Failed to load resource: the server responded with a status of 404 () @ https://cdn.jsdelivr.net/npm/georaster-layer-for-leaflet@3.11.0/dist/georaster-layer-for-leaflet.min.js:0
[    2674ms] [VERBOSE] [DOM] Password field is not contained in a form: (More info: https://goo.gl/9p2vKq) @ http://localhost:8080/:0
[    2674ms] [VERBOSE] [DOM] Password field is not contained in a form: (More info: https://goo.gl/9p2vKq) %o @ http://localhost:8080/:0
[    2679ms] [WARNING] <meta name="apple-mobile-web-app-capable" content="yes"> is deprecated. Please include <meta name="mobile-web-app-capable" content="yes"> @ http://localhost:8080/:0
[    4326ms] [LOG] [App] SW registered: http://localhost:8080/ @ http://localhost:8080/:874
[  126957ms] [LOG] [processPDF] entrada byteLength: 4333592 @ http://localhost:8080/js/pdf-processor.js:588
[  126957ms] [LOG] [processPDF] header: %PDF-1.4 | byteLength: 4333592 @ http://localhost:8080/js/pdf-processor.js:595
[  126985ms] [LOG] [GeoPDF extractISO32000] @ http://localhost:8080/js/pdf-processor.js:70
[  126985ms] [LOG]   GPTS: [-3.5820593506776675, -78.47589516679953, -3.594011831655874, -78.475862348451, -3.593964930287245, -78.4590267620536, -3.582012605678773, -78.45905979872279] @ http://localhost:8080/js/pdf-processor.js:71
[  126986ms] [LOG]   LPTS: [0, 1, 0, 0, 1, 0, 1, 1] @ http://localhost:8080/js/pdf-processor.js:72
[  126988ms] [LOG]   CRS detectado (contexto VP): EPSG:24877 @ http://localhost:8080/js/pdf-processor.js:113
[  126992ms] [LOG]   /Rotate: 0 | /CropBox: null | /MediaBox: [0, 0, 842, 595] @ http://localhost:8080/js/pdf-processor.js:119
[  126998ms] [LOG] [loadPDF] bytes: 4333592 | header: %PDF- @ http://localhost:8080/js/pdf-processor.js:463
[  127960ms] [LOG] [handlePDFUpload] CRS entrada: EPSG:24877 | corners UTM guardadas: {tl: Array(2), tr: Array(2), bl: Array(2), br: Array(2)} @ http://localhost:8080/js/app.js:1457
[  184475ms] [LOG] [loadPDF] bytes: 4333592 | header: %PDF- @ http://localhost:8080/js/pdf-processor.js:463
