[     491ms] [LOG] [App] Config migrated to version 2.3.8 @ http://localhost:8080/js/app.js?v=2.3.8:2333
[     555ms] [VERBOSE] [DOM] Password field is not contained in a form: (More info: https://goo.gl/9p2vKq) @ http://localhost:8080/index.html?v=preview:0
[     555ms] [VERBOSE] [DOM] Password field is not contained in a form: (More info: https://goo.gl/9p2vKq) %o @ http://localhost:8080/index.html?v=preview:0
[     560ms] [LOG] [App] SW registered: http://localhost:8080/ @ http://localhost:8080/index.html?v=preview:935
[     561ms] [WARNING] <meta name="apple-mobile-web-app-capable" content="yes"> is deprecated. Please include <meta name="mobile-web-app-capable" content="yes"> @ http://localhost:8080/index.html?v=preview:0
[    3147ms] [LOG] [App] SW update found @ http://localhost:8080/index.html?v=preview:956
[    3557ms] [WARNING] The resource http://localhost:8080/assets/logo_lab_chino_PNG.png?v=2.3.8 was preloaded using link preload but not used within a few seconds from the window's load event. Please make sure it has an appropriate `as` value and it is preloaded intentionally. @ http://localhost:8080/index.html?v=preview:0
[    3770ms] [LOG] [App] SW state changed to: installed @ http://localhost:8080/index.html?v=preview:967
[    3770ms] [LOG] [App] New version installed, forcing activation... @ http://localhost:8080/index.html?v=preview:970
[    3771ms] [LOG] [App] SW state changed to: activating @ http://localhost:8080/index.html?v=preview:967
[    3772ms] [LOG] [App] New service worker activated, reloading... @ http://localhost:8080/index.html?v=preview:928
[    3786ms] [LOG] [App] SW state changed to: activated @ http://localhost:8080/index.html?v=preview:967
[    4002ms] [VERBOSE] [DOM] Password field is not contained in a form: (More info: https://goo.gl/9p2vKq) @ http://localhost:8080/index.html?v=preview:0
[    4002ms] [VERBOSE] [DOM] Password field is not contained in a form: (More info: https://goo.gl/9p2vKq) %o @ http://localhost:8080/index.html?v=preview:0
[    4043ms] [LOG] [App] SW registered: http://localhost:8080/ @ http://localhost:8080/index.html?v=preview:935
[    4043ms] [WARNING] <meta name="apple-mobile-web-app-capable" content="yes"> is deprecated. Please include <meta name="mobile-web-app-capable" content="yes"> @ http://localhost:8080/index.html?v=preview:0
[    7010ms] [WARNING] The resource http://localhost:8080/assets/logo_lab_chino_PNG.png?v=2.3.8 was preloaded using link preload but not used within a few seconds from the window's load event. Please make sure it has an appropriate `as` value and it is preloaded intentionally. @ http://localhost:8080/index.html?v=preview:0
[   27159ms] [WARNING] The resource http://localhost:8080/assets/logo_lab_chino_PNG.png?v=2.3.8 was preloaded using link preload but not used within a few seconds from the window's load event. Please make sure it has an appropriate `as` value and it is preloaded intentionally. @ http://localhost:8080/index.html?v=preview:0
[   34722ms] [WARNING] The resource http://localhost:8080/assets/logo_lab_chino_PNG.png?v=2.3.8 was preloaded using link preload but not used within a few seconds from the window's load event. Please make sure it has an appropriate `as` value and it is preloaded intentionally. @ http://localhost:8080/index.html?v=preview:0
[   50995ms] [WARNING] The resource http://localhost:8080/assets/logo_lab_chino_PNG.png?v=2.3.8 was preloaded using link preload but not used within a few seconds from the window's load event. Please make sure it has an appropriate `as` value and it is preloaded intentionally. @ http://localhost:8080/index.html?v=preview:0
[   57551ms] [WARNING] The resource http://localhost:8080/assets/logo_lab_chino_PNG.png?v=2.3.8 was preloaded using link preload but not used within a few seconds from the window's load event. Please make sure it has an appropriate `as` value and it is preloaded intentionally. @ http://localhost:8080/index.html?v=preview:0
[   70608ms] [WARNING] The resource http://localhost:8080/assets/logo_lab_chino_PNG.png?v=2.3.8 was preloaded using link preload but not used within a few seconds from the window's load event. Please make sure it has an appropriate `as` value and it is preloaded intentionally. @ http://localhost:8080/index.html?v=preview:0
