[     303ms] [LOG] [App] Config migrated to version 2.3.9 @ http://localhost:8080/js/app.js?v=2.3.9:2336
[     325ms] [VERBOSE] [DOM] Password field is not contained in a form: (More info: https://goo.gl/9p2vKq) @ http://localhost:8080/index.html?v=markeractions:0
[     325ms] [VERBOSE] [DOM] Password field is not contained in a form: (More info: https://goo.gl/9p2vKq) %o @ http://localhost:8080/index.html?v=markeractions:0
[     329ms] [LOG] [App] SW registered: http://localhost:8080/ @ http://localhost:8080/index.html?v=markeractions:935
[     330ms] [WARNING] <meta name="apple-mobile-web-app-capable" content="yes"> is deprecated. Please include <meta name="mobile-web-app-capable" content="yes"> @ http://localhost:8080/index.html?v=markeractions:0
[    3132ms] [LOG] [App] SW update found @ http://localhost:8080/index.html?v=markeractions:956
[    3333ms] [WARNING] The resource http://localhost:8080/assets/logo_lab_chino_PNG.png?v=2.3.9 was preloaded using link preload but not used within a few seconds from the window's load event. Please make sure it has an appropriate `as` value and it is preloaded intentionally. @ http://localhost:8080/index.html?v=markeractions:0
[    3541ms] [LOG] [App] SW state changed to: installed @ http://localhost:8080/index.html?v=markeractions:967
[    3541ms] [LOG] [App] New version installed, forcing activation... @ http://localhost:8080/index.html?v=markeractions:970
[    3542ms] [LOG] [App] SW state changed to: activating @ http://localhost:8080/index.html?v=markeractions:967
[    3543ms] [LOG] [App] New service worker activated, reloading... @ http://localhost:8080/index.html?v=markeractions:928
[    3554ms] [LOG] [App] SW state changed to: activated @ http://localhost:8080/index.html?v=markeractions:967
[    3680ms] [VERBOSE] [DOM] Password field is not contained in a form: (More info: https://goo.gl/9p2vKq) @ http://localhost:8080/index.html?v=markeractions:0
[    3680ms] [VERBOSE] [DOM] Password field is not contained in a form: (More info: https://goo.gl/9p2vKq) %o @ http://localhost:8080/index.html?v=markeractions:0
[    3708ms] [WARNING] <meta name="apple-mobile-web-app-capable" content="yes"> is deprecated. Please include <meta name="mobile-web-app-capable" content="yes"> @ http://localhost:8080/index.html?v=markeractions:0
[    3708ms] [LOG] [App] SW registered: http://localhost:8080/ @ http://localhost:8080/index.html?v=markeractions:935
[    6691ms] [WARNING] The resource http://localhost:8080/assets/logo_lab_chino_PNG.png?v=2.3.9 was preloaded using link preload but not used within a few seconds from the window's load event. Please make sure it has an appropriate `as` value and it is preloaded intentionally. @ http://localhost:8080/index.html?v=markeractions:0
[   37869ms] [VERBOSE] [DOM] Password field is not contained in a form: (More info: https://goo.gl/9p2vKq) @ http://localhost:8080/index.html?v=markeractions:0
[   37869ms] [VERBOSE] [DOM] Password field is not contained in a form: (More info: https://goo.gl/9p2vKq) %o @ http://localhost:8080/index.html?v=markeractions:0
[   37872ms] [LOG] [App] SW registered: http://localhost:8080/ @ http://localhost:8080/index.html?v=markeractions:935
[   37873ms] [WARNING] <meta name="apple-mobile-web-app-capable" content="yes"> is deprecated. Please include <meta name="mobile-web-app-capable" content="yes"> @ http://localhost:8080/index.html?v=markeractions:0
[   40883ms] [WARNING] The resource http://localhost:8080/assets/logo_lab_chino_PNG.png?v=2.3.9 was preloaded using link preload but not used within a few seconds from the window's load event. Please make sure it has an appropriate `as` value and it is preloaded intentionally. @ http://localhost:8080/index.html?v=markeractions:0
