[     631ms] [LOG] [App] Config migrated to version 2.3.2 @ http://localhost:8080/js/app.js:1824
[     633ms] [VERBOSE] [DOM] Password field is not contained in a form: (More info: https://goo.gl/9p2vKq) @ http://localhost:8080/index.html?v=fresh:0
[     633ms] [VERBOSE] [DOM] Password field is not contained in a form: (More info: https://goo.gl/9p2vKq) %o @ http://localhost:8080/index.html?v=fresh:0
[     636ms] [WARNING] <meta name="apple-mobile-web-app-capable" content="yes"> is deprecated. Please include <meta name="mobile-web-app-capable" content="yes"> @ http://localhost:8080/index.html?v=fresh:0
[     653ms] [LOG] [App] SW registered: http://localhost:8080/ @ http://localhost:8080/index.html?v=fresh:878
[     653ms] [LOG] [App] SW installing... @ http://localhost:8080/index.html?v=fresh:892
[     716ms] [LOG] [App] SW state changed to: installed @ http://localhost:8080/index.html?v=fresh:910
[     716ms] [LOG] [App] SW state changed to: activating @ http://localhost:8080/index.html?v=fresh:910
[     717ms] [LOG] [App] New service worker activated, reloading... @ http://localhost:8080/index.html?v=fresh:871
[     718ms] [LOG] [App] SW state changed to: activated @ http://localhost:8080/index.html?v=fresh:910
[     762ms] [ERROR] Failed to load resource: the server responded with a status of 404 () @ https://cdn.jsdelivr.net/npm/georaster-layer-for-leaflet@3.11.0/dist/georaster-layer-for-leaflet.min.js:0
[     982ms] [VERBOSE] [DOM] Password field is not contained in a form: (More info: https://goo.gl/9p2vKq) @ http://localhost:8080/index.html?v=fresh:0
[     982ms] [VERBOSE] [DOM] Password field is not contained in a form: (More info: https://goo.gl/9p2vKq) %o @ http://localhost:8080/index.html?v=fresh:0
[     986ms] [WARNING] <meta name="apple-mobile-web-app-capable" content="yes"> is deprecated. Please include <meta name="mobile-web-app-capable" content="yes"> @ http://localhost:8080/index.html?v=fresh:0
[     986ms] [LOG] [App] SW registered: http://localhost:8080/ @ http://localhost:8080/index.html?v=fresh:878
[    3994ms] [WARNING] The resource http://localhost:8080/assets/logo_lab_chino_PNG.png was preloaded using link preload but not used within a few seconds from the window's load event. Please make sure it has an appropriate `as` value and it is preloaded intentionally. @ http://localhost:8080/index.html?v=fresh:0
[   32254ms] [WARNING] The resource http://localhost:8080/assets/logo_lab_chino_PNG.png was preloaded using link preload but not used within a few seconds from the window's load event. Please make sure it has an appropriate `as` value and it is preloaded intentionally. @ http://localhost:8080/index.html?v=fresh:0
[   49466ms] Identifier 'PSAD56_UTM_17S' has already been declared
[   52481ms] [WARNING] The resource http://localhost:8080/assets/logo_lab_chino_PNG.png was preloaded using link preload but not used within a few seconds from the window's load event. Please make sure it has an appropriate `as` value and it is preloaded intentionally. @ http://localhost:8080/index.html?v=fresh:0
[   85737ms] [LOG] [App] Config migrated to version 2.3.4 @ :1984
[   88744ms] [WARNING] The resource http://localhost:8080/assets/logo_lab_chino_PNG.png was preloaded using link preload but not used within a few seconds from the window's load event. Please make sure it has an appropriate `as` value and it is preloaded intentionally. @ http://localhost:8080/index.html?v=fresh:0
[  107350ms] [WARNING] The resource http://localhost:8080/assets/logo_lab_chino_PNG.png was preloaded using link preload but not used within a few seconds from the window's load event. Please make sure it has an appropriate `as` value and it is preloaded intentionally. @ http://localhost:8080/index.html?v=fresh:0
[  133983ms] [WARNING] The resource http://localhost:8080/assets/logo_lab_chino_PNG.png was preloaded using link preload but not used within a few seconds from the window's load event. Please make sure it has an appropriate `as` value and it is preloaded intentionally. @ http://localhost:8080/index.html?v=fresh:0
