[     363ms] [LOG] [App] Config migrated to version 2.3.7 @ http://localhost:8080/js/app.js?v=2.3.7:2232
[     367ms] [VERBOSE] [DOM] Password field is not contained in a form: (More info: https://goo.gl/9p2vKq) @ http://localhost:8080/index.html?v=stampconfig:0
[     367ms] [VERBOSE] [DOM] Password field is not contained in a form: (More info: https://goo.gl/9p2vKq) %o @ http://localhost:8080/index.html?v=stampconfig:0
[     370ms] [LOG] [App] SW registered: http://localhost:8080/ @ http://localhost:8080/index.html?v=stampconfig:903
[     370ms] [WARNING] <meta name="apple-mobile-web-app-capable" content="yes"> is deprecated. Please include <meta name="mobile-web-app-capable" content="yes"> @ http://localhost:8080/index.html?v=stampconfig:0
[    3181ms] [LOG] [App] SW update found @ http://localhost:8080/index.html?v=stampconfig:924
[    3384ms] [WARNING] The resource http://localhost:8080/assets/logo_lab_chino_PNG.png?v=2.3.7 was preloaded using link preload but not used within a few seconds from the window's load event. Please make sure it has an appropriate `as` value and it is preloaded intentionally. @ http://localhost:8080/index.html?v=stampconfig:0
[    4047ms] [LOG] [App] SW state changed to: installed @ http://localhost:8080/index.html?v=stampconfig:935
[    4047ms] [LOG] [App] New version installed, forcing activation... @ http://localhost:8080/index.html?v=stampconfig:938
[    4048ms] [LOG] [App] SW state changed to: activating @ http://localhost:8080/index.html?v=stampconfig:935
[    4048ms] [LOG] [App] New service worker activated, reloading... @ http://localhost:8080/index.html?v=stampconfig:896
[    4057ms] [LOG] [App] SW state changed to: activated @ http://localhost:8080/index.html?v=stampconfig:935
[    4171ms] [VERBOSE] [DOM] Password field is not contained in a form: (More info: https://goo.gl/9p2vKq) @ http://localhost:8080/index.html?v=stampconfig:0
[    4171ms] [VERBOSE] [DOM] Password field is not contained in a form: (More info: https://goo.gl/9p2vKq) %o @ http://localhost:8080/index.html?v=stampconfig:0
[    4173ms] [WARNING] <meta name="apple-mobile-web-app-capable" content="yes"> is deprecated. Please include <meta name="mobile-web-app-capable" content="yes"> @ http://localhost:8080/index.html?v=stampconfig:0
[    4199ms] [LOG] [App] SW registered: http://localhost:8080/ @ http://localhost:8080/index.html?v=stampconfig:903
[    7184ms] [WARNING] The resource http://localhost:8080/assets/logo_lab_chino_PNG.png?v=2.3.7 was preloaded using link preload but not used within a few seconds from the window's load event. Please make sure it has an appropriate `as` value and it is preloaded intentionally. @ http://localhost:8080/index.html?v=stampconfig:0
[   15054ms] [WARNING] The resource http://localhost:8080/assets/logo_lab_chino_PNG.png?v=2.3.7 was preloaded using link preload but not used within a few seconds from the window's load event. Please make sure it has an appropriate `as` value and it is preloaded intentionally. @ http://localhost:8080/index.html?v=stampconfig:0
[   28144ms] [WARNING] The resource http://localhost:8080/assets/logo_lab_chino_PNG.png?v=2.3.7 was preloaded using link preload but not used within a few seconds from the window's load event. Please make sure it has an appropriate `as` value and it is preloaded intentionally. @ http://localhost:8080/index.html?v=stampconfig:0
[   34074ms] [WARNING] The resource http://localhost:8080/assets/logo_lab_chino_PNG.png?v=2.3.7 was preloaded using link preload but not used within a few seconds from the window's load event. Please make sure it has an appropriate `as` value and it is preloaded intentionally. @ http://localhost:8080/index.html?v=stampconfig:0
[   61906ms] [WARNING] The resource http://localhost:8080/assets/logo_lab_chino_PNG.png?v=2.3.7 was preloaded using link preload but not used within a few seconds from the window's load event. Please make sure it has an appropriate `as` value and it is preloaded intentionally. @ http://localhost:8080/index.html?v=stampconfig:0
